{
  "user_name": "litencatt",
  "passwaaaaaaad": "test"
}