{
  "user_name": "litencatt",
  "password": "test"
}